[2025-12-16 05:22:52,042][root][INFO] - Workspace: /ssd/home/wangyuhang/python/Eureka/eureka/outputs/eureka/2025-12-16_05-22-51
[2025-12-16 05:22:52,108][root][INFO] - Created base task file: /ssd/home/wangyuhang/python/Eureka/isaacgymenvs/isaacgymenvs/tasks/shadow_handqwen.py
[2025-12-16 05:22:52,109][root][INFO] - Extracting Environment Metadata for Generalization...
[2025-12-16 05:22:55,470][httpx][INFO] - HTTP Request: POST https://dashscope.aliyuncs.com/compatible-mode/v1/chat/completions "HTTP/1.1 200 OK"
[2025-12-16 05:22:55,482][root][INFO] - Environment Metadata:
ROBOT: Dexterous Hand  
JOINTS: robot0:ffdistal, robot0:mfdistal, robot0:rfdistal, robot0:lfdistal, robot0:thdistal  
OBSERVABLES: dof_pos, dof_vel, root_lin_vel, root_ang_vel, rigid_body_states, contact_forces, fingertip_positions, fingertip_orientations, fingertip_linvels, fingertip_angvels, dof_force_tensor, vec_sensor_tensor (force/torque at fingertips)
[2025-12-16 05:22:55,482][root][INFO] - Generating Visual Rubric...
[2025-12-16 05:23:08,046][httpx][INFO] - HTTP Request: POST https://dashscope.aliyuncs.com/compatible-mode/v1/chat/completions "HTTP/1.1 200 OK"
[2025-12-16 05:23:08,047][root][INFO] - Rubric: {
  "task_type": "Manipulation",
  "robot_morphology": "5-fingered dexterous Shadow Hand with distal fingertip control",
  "success_criteria": [
    {
      "score_range": [
        0,
        20
      ],
      "description": "Robot fails to grasp the object or loses it immediately; no meaningful rotation toward target orientation."
    },
    {
      "score_range": [
        21,
        60
      ],
      "description": "Robot maintains a stable grasp and rotates the object partially toward the target orientation but does not reach the success tolerance (e.g., within 30\u201360 degrees of goal)."
    },
    {
      "score_range": [
        61,
        100
      ],
      "description": "Robot stably grasps the object and rotates it to within the success tolerance of the target orientation (typically <15\u201320 degrees error depending on object type), holding it there without dropping."
    }
  ],
  "style_penalties": [
    "High-frequency jitter or twitching in fingers or wrist during manipulation",
    "Erratic or uncoordinated finger motions that do not contribute to controlled object rotation",
    "Excessive or violent force application causing unnatural hand postures or object oscillations",
    "Stiff or frozen non-actuated joints while others move abruptly (lack of fluid coordination)",
    "Repeated micro-slipping or bouncing of the object due to poor force modulation"
  ],
  "overall_instruction": "Judge the video by first assessing whether the robot successfully rotated the object to the target orientation, then deduct for unnatural motion qualities such as jitter, excessive force, or poor coordination. Prioritize smooth, human-like dexterity over mere task completion achieved through unstable or high-frequency actuation."
}
[2025-12-16 05:23:08,049][root][INFO] - Generating Gen 0...
[2025-12-16 05:23:31,177][httpx][INFO] - HTTP Request: POST https://dashscope.aliyuncs.com/compatible-mode/v1/chat/completions "HTTP/1.1 200 OK"
[2025-12-16 05:23:56,740][httpx][INFO] - HTTP Request: POST https://dashscope.aliyuncs.com/compatible-mode/v1/chat/completions "HTTP/1.1 200 OK"
[2025-12-16 05:24:15,364][httpx][INFO] - HTTP Request: POST https://dashscope.aliyuncs.com/compatible-mode/v1/chat/completions "HTTP/1.1 200 OK"
[2025-12-16 05:24:46,532][httpx][INFO] - HTTP Request: POST https://dashscope.aliyuncs.com/compatible-mode/v1/chat/completions "HTTP/1.1 200 OK"
[2025-12-16 05:24:46,533][root][INFO] - Gen 0: Training 16 candidates...
[2025-12-16 05:24:46,544][root][INFO] - Gen 0 Cand 0: Waiting for environment build...
[2025-12-16 05:25:04,420][root][INFO] - Gen 0 Cand 1: Waiting for environment build...
[2025-12-16 05:25:20,732][root][INFO] - Gen 0 Cand 2: Waiting for environment build...
[2025-12-16 05:25:39,658][root][INFO] - Gen 0 Cand 3: Waiting for environment build...
[2025-12-16 05:25:57,677][root][INFO] - Gen 0 Cand 4: Waiting for environment build...
[2025-12-16 05:26:17,563][root][INFO] - Gen 0 Cand 5: Waiting for environment build...
[2025-12-16 05:26:35,703][root][INFO] - Gen 0 Cand 6: Waiting for environment build...
[2025-12-16 05:26:56,595][root][INFO] - Gen 0 Cand 7: Waiting for environment build...
[2025-12-16 05:27:17,731][root][INFO] - Gen 0 Cand 8: Waiting for environment build...
[2025-12-16 05:27:41,066][root][INFO] - Gen 0 Cand 9: Waiting for environment build...
[2025-12-16 05:28:00,967][root][INFO] - Gen 0 Cand 10: Waiting for environment build...
[2025-12-16 05:28:24,064][root][INFO] - Gen 0 Cand 11: Waiting for environment build...
[2025-12-16 05:28:47,229][root][INFO] - Gen 0 Cand 12: Waiting for environment build...
[2025-12-16 05:29:12,555][root][INFO] - Gen 0 Cand 13: Waiting for environment build...
[2025-12-16 05:29:35,912][root][INFO] - Gen 0 Cand 14: Waiting for environment build...
[2025-12-16 05:30:00,995][root][INFO] - Gen 0 Cand 15: Waiting for environment build...
[2025-12-16 05:30:25,852][root][INFO] - Waiting for training...
