[2025-12-11 18:16:29,526][root][INFO] - Workspace: /ssd/home/wangyuhang/python/Eureka/eureka/outputs/eureka/2025-12-11_18-16-29
[2025-12-11 18:16:29,596][root][INFO] - Generating Visual Rubric...
[2025-12-11 18:16:37,456][httpx][INFO] - HTTP Request: POST https://dashscope.aliyuncs.com/compatible-mode/v1/chat/completions "HTTP/1.1 200 OK"
[2025-12-11 18:16:37,472][root][INFO] - Rubric: {
  "task_type": "Manipulation",
  "critical_failures": [
    "The object is dropped from the Shadow Hand and contacts the ground or leaves the hand entirely.",
    "The Shadow Hand freezes or exhibits no meaningful motion for an extended period (e.g., >1 second).",
    "The object flies out of the hand due to excessive force or instability."
  ],
  "criteria": [
    {
      "name": "primary_task_metric",
      "category": "Functional",
      "description": "Measure the angular displacement of the object relative to the target orientation; success is indicated by achieving rotation within the success_tolerance threshold (e.g., <5 degrees error for block/egg, or correct pen roll angle).",
      "weight": 0.6
    },
    {
      "name": "behavioral_quality",
      "category": "Quality",
      "description": "Assess the smoothness and stability of in-hand manipulation: fingers should move cohesively without jerky motions, and the object should remain securely grasped without wobbling excessively or slipping.",
      "weight": 0.4
    }
  ],
  "overall_instruction": "Judge whether the Shadow Hand successfully rotated the object (block, egg, or pen) to the target orientation while maintaining a stable, controlled grasp without dropping or destabilizing the object."
}
[2025-12-11 18:16:37,474][root][INFO] - Generating Gen 0...
[2025-12-11 18:16:58,917][httpx][INFO] - HTTP Request: POST https://dashscope.aliyuncs.com/compatible-mode/v1/chat/completions "HTTP/1.1 200 OK"
[2025-12-11 18:16:58,919][root][INFO] - Gen 0: Training 4 candidates...
[2025-12-11 18:16:58,947][root][INFO] - Waiting for training...
[2025-12-11 18:53:05,698][tensorboard][INFO] - Directory watcher advancing from /ssd/home/wangyuhang/python/Eureka/eureka/outputs/eureka/2025-12-11_18-16-29/policy-2025-12-11_18-17-02/runs/ShadowHandQwen-2025-12-11_18-17-03/summaries/events.out.tfevents.1765448230.g0101 to /ssd/home/wangyuhang/python/Eureka/eureka/outputs/eureka/2025-12-11_18-16-29/policy-2025-12-11_18-17-02/runs/ShadowHandQwen-2025-12-11_18-17-03/summaries/events.out.tfevents.1765448231.g0101
[2025-12-11 18:53:08,735][tensorboard][INFO] - No path found after /ssd/home/wangyuhang/python/Eureka/eureka/outputs/eureka/2025-12-11_18-16-29/policy-2025-12-11_18-17-02/runs/ShadowHandQwen-2025-12-11_18-17-03/summaries/events.out.tfevents.1765448231.g0101
[2025-12-11 18:54:17,871][tensorboard][INFO] - Directory watcher advancing from /ssd/home/wangyuhang/python/Eureka/eureka/outputs/eureka/2025-12-11_18-16-29/policy-2025-12-11_18-17-02/runs/ShadowHandQwen-2025-12-11_18-17-03/summaries/events.out.tfevents.1765448230.g0101 to /ssd/home/wangyuhang/python/Eureka/eureka/outputs/eureka/2025-12-11_18-16-29/policy-2025-12-11_18-17-02/runs/ShadowHandQwen-2025-12-11_18-17-03/summaries/events.out.tfevents.1765448231.g0101
[2025-12-11 18:54:20,824][tensorboard][INFO] - No path found after /ssd/home/wangyuhang/python/Eureka/eureka/outputs/eureka/2025-12-11_18-16-29/policy-2025-12-11_18-17-02/runs/ShadowHandQwen-2025-12-11_18-17-03/summaries/events.out.tfevents.1765448231.g0101
[2025-12-11 18:54:24,027][tensorboard][INFO] - Directory watcher advancing from /ssd/home/wangyuhang/python/Eureka/eureka/outputs/eureka/2025-12-11_18-16-29/policy-2025-12-11_18-17-02/runs/ShadowHandQwen-2025-12-11_18-17-03/summaries/events.out.tfevents.1765448230.g0101 to /ssd/home/wangyuhang/python/Eureka/eureka/outputs/eureka/2025-12-11_18-16-29/policy-2025-12-11_18-17-02/runs/ShadowHandQwen-2025-12-11_18-17-03/summaries/events.out.tfevents.1765448231.g0101
[2025-12-11 18:54:27,115][tensorboard][INFO] - No path found after /ssd/home/wangyuhang/python/Eureka/eureka/outputs/eureka/2025-12-11_18-16-29/policy-2025-12-11_18-17-02/runs/ShadowHandQwen-2025-12-11_18-17-03/summaries/events.out.tfevents.1765448231.g0101
[2025-12-11 18:54:30,347][tensorboard][INFO] - Directory watcher advancing from /ssd/home/wangyuhang/python/Eureka/eureka/outputs/eureka/2025-12-11_18-16-29/policy-2025-12-11_18-17-02/runs/ShadowHandQwen-2025-12-11_18-17-03/summaries/events.out.tfevents.1765448230.g0101 to /ssd/home/wangyuhang/python/Eureka/eureka/outputs/eureka/2025-12-11_18-16-29/policy-2025-12-11_18-17-02/runs/ShadowHandQwen-2025-12-11_18-17-03/summaries/events.out.tfevents.1765448231.g0101
[2025-12-11 18:54:33,507][tensorboard][INFO] - No path found after /ssd/home/wangyuhang/python/Eureka/eureka/outputs/eureka/2025-12-11_18-16-29/policy-2025-12-11_18-17-02/runs/ShadowHandQwen-2025-12-11_18-17-03/summaries/events.out.tfevents.1765448231.g0101
[2025-12-11 18:54:33,588][root][INFO] - Filter Complete: Keeping Top 3/4 (Ratio: 0.75)
[2025-12-11 18:54:33,588][root][INFO] - Recording videos for survivors...
[2025-12-11 18:54:33,589][root][INFO] - Recording rollout video for checkpoint: /ssd/home/wangyuhang/python/Eureka/eureka/outputs/eureka/2025-12-11_18-16-29/policy-2025-12-11_18-17-02/runs/ShadowHandQwen-2025-12-11_18-17-03/nn/last_ShadowHandQwen_ep_3000.pth
[2025-12-11 18:54:48,612][root][WARNING] - Video recording process exited with error code 1. Log: /ssd/home/wangyuhang/python/Eureka/eureka/outputs/eureka/2025-12-11_18-16-29/vlm_eval_1765450473.txt
[2025-12-11 18:54:48,613][root][WARNING] - No new video file found. Check full log at /ssd/home/wangyuhang/python/Eureka/eureka/outputs/eureka/2025-12-11_18-16-29/vlm_eval_1765450473.txt
[2025-12-11 18:54:48,614][root][INFO] - Recording rollout video for checkpoint: /ssd/home/wangyuhang/python/Eureka/eureka/outputs/eureka/2025-12-11_18-16-29/policy-2025-12-11_18-17-02/runs/ShadowHandQwen-2025-12-11_18-17-03/nn/last_ShadowHandQwen_ep_3000.pth
[2025-12-11 18:55:03,636][root][WARNING] - Video recording process exited with error code 1. Log: /ssd/home/wangyuhang/python/Eureka/eureka/outputs/eureka/2025-12-11_18-16-29/vlm_eval_1765450488.txt
[2025-12-11 18:55:03,637][root][WARNING] - No new video file found. Check full log at /ssd/home/wangyuhang/python/Eureka/eureka/outputs/eureka/2025-12-11_18-16-29/vlm_eval_1765450488.txt
[2025-12-11 18:55:03,638][root][INFO] - Recording rollout video for checkpoint: /ssd/home/wangyuhang/python/Eureka/eureka/outputs/eureka/2025-12-11_18-16-29/policy-2025-12-11_18-17-02/runs/ShadowHandQwen-2025-12-11_18-17-03/nn/last_ShadowHandQwen_ep_3000.pth
[2025-12-11 18:55:18,656][root][WARNING] - Video recording process exited with error code 1. Log: /ssd/home/wangyuhang/python/Eureka/eureka/outputs/eureka/2025-12-11_18-16-29/vlm_eval_1765450503.txt
[2025-12-11 18:55:18,657][root][WARNING] - No new video file found. Check full log at /ssd/home/wangyuhang/python/Eureka/eureka/outputs/eureka/2025-12-11_18-16-29/vlm_eval_1765450503.txt
[2025-12-11 18:55:18,657][root][INFO] - Starting VLM Evaluation (DashScope sampling at 10 FPS)...
[2025-12-11 18:55:18,658][root][INFO] - ================================================================================
[2025-12-11 18:55:18,658][root][INFO] - Generation 0: Training Results Ranking
[2025-12-11 18:55:18,658][root][INFO] - --------------------------------------------------------------------------------
[2025-12-11 18:55:18,658][root][INFO] - Rank  1: Cand  0 | Phy   0.1657 | Vis   0.0 | SkipVLM=False
[2025-12-11 18:55:18,658][root][INFO] - Rank  2: Cand  1 | Phy   0.1657 | Vis   0.0 | SkipVLM=False
[2025-12-11 18:55:18,658][root][INFO] - Rank  3: Cand  2 | Phy   0.1657 | Vis   0.0 | SkipVLM=False
[2025-12-11 18:55:18,658][root][INFO] - Rank  4: Cand  3 | Phy   0.1657 | Vis   0.0 | SkipVLM=True
[2025-12-11 18:55:18,658][root][INFO] - ================================================================================
[2025-12-11 18:55:18,658][root][INFO] - Generation 0: Population Ranking (all candidates)
[2025-12-11 18:55:18,658][root][INFO] - --------------------------------------------------------------------------------
[2025-12-11 18:55:18,658][root][INFO] - Rank  1: Cand  0 | Phy   0.1657 | Vis   0.0 | SkipVLM=False
[2025-12-11 18:55:18,658][root][INFO] - Rank  2: Cand  1 | Phy   0.1657 | Vis   0.0 | SkipVLM=False
[2025-12-11 18:55:18,658][root][INFO] - Rank  3: Cand  2 | Phy   0.1657 | Vis   0.0 | SkipVLM=False
[2025-12-11 18:55:18,658][root][INFO] - Rank  4: Cand  3 | Phy   0.1657 | Vis   0.0 | SkipVLM=True
[2025-12-11 18:55:18,658][root][INFO] - --------------------------------------------------------------------------------
[2025-12-11 18:55:39,404][httpx][INFO] - HTTP Request: POST https://dashscope.aliyuncs.com/compatible-mode/v1/chat/completions "HTTP/1.1 200 OK"
[2025-12-11 18:56:04,752][httpx][INFO] - HTTP Request: POST https://dashscope.aliyuncs.com/compatible-mode/v1/chat/completions "HTTP/1.1 200 OK"
[2025-12-11 18:56:04,753][root][INFO] - Gen 1: Training 2 candidates...
[2025-12-11 18:56:04,826][root][INFO] - Waiting for training...
[2025-12-11 19:32:51,217][tensorboard][INFO] - No path found after /ssd/home/wangyuhang/python/Eureka/eureka/outputs/eureka/2025-12-11_18-16-29/policy-2025-12-11_18-56-08/runs/ShadowHandQwen-2025-12-11_18-56-09/summaries/events.out.tfevents.1765450576.g0101
[2025-12-11 19:33:40,926][tensorboard][INFO] - No path found after /ssd/home/wangyuhang/python/Eureka/eureka/outputs/eureka/2025-12-11_18-16-29/policy-2025-12-11_18-56-08/runs/ShadowHandQwen-2025-12-11_18-56-09/summaries/events.out.tfevents.1765450576.g0101
[2025-12-11 19:33:40,932][root][INFO] - Filter Complete: Keeping Top 1/2 (Ratio: 0.75)
[2025-12-11 19:33:40,932][root][INFO] - Recording videos for survivors...
[2025-12-11 19:33:40,932][root][INFO] - Recording rollout video for checkpoint: /ssd/home/wangyuhang/python/Eureka/eureka/outputs/eureka/2025-12-11_18-16-29/policy-2025-12-11_18-56-08/runs/ShadowHandQwen-2025-12-11_18-56-09/nn/last_ShadowHandQwen_ep_3000.pth
[2025-12-11 19:33:55,952][root][WARNING] - Video recording process exited with error code 1. Log: /ssd/home/wangyuhang/python/Eureka/eureka/outputs/eureka/2025-12-11_18-16-29/vlm_eval_1765452820.txt
[2025-12-11 19:33:55,953][root][WARNING] - No new video file found. Check full log at /ssd/home/wangyuhang/python/Eureka/eureka/outputs/eureka/2025-12-11_18-16-29/vlm_eval_1765452820.txt
[2025-12-11 19:33:55,954][root][INFO] - Starting VLM Evaluation (DashScope sampling at 10 FPS)...
[2025-12-11 19:33:55,954][root][INFO] - ================================================================================
[2025-12-11 19:33:55,954][root][INFO] - Generation 1: Training Results Ranking
[2025-12-11 19:33:55,954][root][INFO] - --------------------------------------------------------------------------------
[2025-12-11 19:33:55,954][root][INFO] - Rank  1: Cand  0 | Phy   0.0935 | Vis   0.0 | SkipVLM=False
[2025-12-11 19:33:55,954][root][INFO] - Rank  2: Cand  1 | Phy   0.0935 | Vis   0.0 | SkipVLM=True
[2025-12-11 19:33:55,974][root][INFO] - ================================================================================
[2025-12-11 19:33:55,974][root][INFO] - Generation 1: Population Ranking (all candidates)
[2025-12-11 19:33:55,974][root][INFO] - --------------------------------------------------------------------------------
[2025-12-11 19:33:55,974][root][INFO] - Rank  1: Cand  0 | Phy   0.1657 | Vis   0.0 | SkipVLM=False
[2025-12-11 19:33:55,974][root][INFO] - Rank  2: Cand  1 | Phy   0.1657 | Vis   0.0 | SkipVLM=False
[2025-12-11 19:33:55,974][root][INFO] - Rank  3: Cand  0 | Phy   0.0935 | Vis   0.0 | SkipVLM=False
[2025-12-11 19:33:55,974][root][INFO] - Rank  4: Cand  1 | Phy   0.0935 | Vis   0.0 | SkipVLM=True
[2025-12-11 19:33:55,974][root][INFO] - --------------------------------------------------------------------------------
[2025-12-11 19:34:28,763][httpx][INFO] - HTTP Request: POST https://dashscope.aliyuncs.com/compatible-mode/v1/chat/completions "HTTP/1.1 200 OK"
[2025-12-11 19:35:04,211][httpx][INFO] - HTTP Request: POST https://dashscope.aliyuncs.com/compatible-mode/v1/chat/completions "HTTP/1.1 200 OK"
[2025-12-11 19:35:04,212][root][INFO] - Gen 2: Training 2 candidates...
[2025-12-11 19:35:04,235][root][INFO] - Waiting for training...
[2025-12-11 20:10:01,485][tensorboard][INFO] - No path found after /ssd/home/wangyuhang/python/Eureka/eureka/outputs/eureka/2025-12-11_18-16-29/policy-2025-12-11_19-35-07/runs/ShadowHandQwen-2025-12-11_19-35-08/summaries/events.out.tfevents.1765452915.g0101
[2025-12-11 20:11:25,954][tensorboard][INFO] - No path found after /ssd/home/wangyuhang/python/Eureka/eureka/outputs/eureka/2025-12-11_18-16-29/policy-2025-12-11_19-35-07/runs/ShadowHandQwen-2025-12-11_19-35-08/summaries/events.out.tfevents.1765452915.g0101
[2025-12-11 20:11:25,990][root][INFO] - Filter Complete: Keeping Top 1/2 (Ratio: 0.75)
[2025-12-11 20:11:25,990][root][INFO] - Recording videos for survivors...
[2025-12-11 20:11:25,991][root][INFO] - Recording rollout video for checkpoint: /ssd/home/wangyuhang/python/Eureka/eureka/outputs/eureka/2025-12-11_18-16-29/policy-2025-12-11_19-35-07/runs/ShadowHandQwen-2025-12-11_19-35-08/nn/last_ShadowHandQwen_ep_3000.pth
[2025-12-11 20:11:36,008][root][WARNING] - Video recording process exited with error code 1. Log: /ssd/home/wangyuhang/python/Eureka/eureka/outputs/eureka/2025-12-11_18-16-29/vlm_eval_1765455085.txt
[2025-12-11 20:11:36,010][root][WARNING] - No new video file found. Check full log at /ssd/home/wangyuhang/python/Eureka/eureka/outputs/eureka/2025-12-11_18-16-29/vlm_eval_1765455085.txt
[2025-12-11 20:11:36,010][root][INFO] - Starting VLM Evaluation (DashScope sampling at 10 FPS)...
[2025-12-11 20:11:36,010][root][INFO] - ================================================================================
[2025-12-11 20:11:36,010][root][INFO] - Generation 2: Training Results Ranking
[2025-12-11 20:11:36,010][root][INFO] - --------------------------------------------------------------------------------
[2025-12-11 20:11:36,010][root][INFO] - Rank  1: Cand  0 | Phy   0.1080 | Vis   0.0 | SkipVLM=False
[2025-12-11 20:11:36,010][root][INFO] - Rank  2: Cand  1 | Phy   0.1080 | Vis   0.0 | SkipVLM=True
[2025-12-11 20:11:36,012][root][INFO] - ================================================================================
[2025-12-11 20:11:36,013][root][INFO] - Generation 2: Population Ranking (all candidates)
[2025-12-11 20:11:36,013][root][INFO] - --------------------------------------------------------------------------------
[2025-12-11 20:11:36,013][root][INFO] - Rank  1: Cand  0 | Phy   0.1657 | Vis   0.0 | SkipVLM=False
[2025-12-11 20:11:36,013][root][INFO] - Rank  2: Cand  1 | Phy   0.1657 | Vis   0.0 | SkipVLM=False
[2025-12-11 20:11:36,013][root][INFO] - Rank  3: Cand  0 | Phy   0.1080 | Vis   0.0 | SkipVLM=False
[2025-12-11 20:11:36,013][root][INFO] - Rank  4: Cand  1 | Phy   0.1080 | Vis   0.0 | SkipVLM=True
[2025-12-11 20:11:36,013][root][INFO] - --------------------------------------------------------------------------------
[2025-12-11 20:12:02,435][httpx][INFO] - HTTP Request: POST https://dashscope.aliyuncs.com/compatible-mode/v1/chat/completions "HTTP/1.1 200 OK"
[2025-12-11 20:12:24,548][httpx][INFO] - HTTP Request: POST https://dashscope.aliyuncs.com/compatible-mode/v1/chat/completions "HTTP/1.1 200 OK"
[2025-12-11 20:12:24,549][root][INFO] - Gen 3: Training 2 candidates...
[2025-12-11 20:12:24,568][root][INFO] - Waiting for training...
