[2025-12-10 19:31:43,524][root][INFO] - Workspace: /home/wangyuhang/python/Eureka/eureka/outputs/eureka/2025-12-10_19-31-43
[2025-12-10 19:31:43,602][root][INFO] - Generating Visual Rubric...
[2025-12-10 19:31:55,588][httpx][INFO] - HTTP Request: POST https://dashscope.aliyuncs.com/compatible-mode/v1/chat/completions "HTTP/1.1 200 OK"
[2025-12-10 19:31:55,621][root][INFO] - Rubric: {
  "task_type": "Manipulation",
  "critical_failures": [
    "The object is dropped from the Shadow Hand and contacts the ground or leaves the hand entirely.",
    "The Shadow Hand freezes or exhibits no finger motion for more than 1 second during the episode.",
    "The object flies out of the hand due to excessive force or unstable manipulation."
  ],
  "criteria": [
    {
      "name": "primary_task_metric",
      "category": "Functional",
      "description": "Measure the angular displacement of the object relative to its initial orientation and assess how closely it reaches the target orientation; full score if final orientation is within the success tolerance (cfg.env.successTolerance) of the target, partial score proportional to alignment.",
      "weight": 0.6
    },
    {
      "name": "behavioral_quality",
      "category": "Quality",
      "description": "Evaluate the smoothness and coordination of finger motions during spinning; penalize jerky movements, unnecessary finger oscillations, or collisions between fingers and object that destabilize rotation.",
      "weight": 0.4
    }
  ],
  "overall_instruction": "Judge whether the Shadow Hand successfully spins the object (block, egg, or pen) to the target orientation without dropping it, while maintaining smooth and coordinated finger control."
}
[2025-12-10 19:31:55,624][root][INFO] - Generating Gen 0...
[2025-12-10 19:32:21,794][httpx][INFO] - HTTP Request: POST https://dashscope.aliyuncs.com/compatible-mode/v1/chat/completions "HTTP/1.1 200 OK"
[2025-12-10 19:32:21,797][root][INFO] - Gen 0: Training 4 candidates...
[2025-12-10 19:32:21,833][root][INFO] - Waiting for training...
[2025-12-10 20:29:31,694][tensorboard][INFO] - Directory watcher advancing from /home/wangyuhang/python/Eureka/eureka/outputs/eureka/2025-12-10_19-31-43/policy-2025-12-10_19-32-25/runs/ShadowHandQwen-2025-12-10_19-32-26/summaries/events.out.tfevents.1765366356.xielabyibin to /home/wangyuhang/python/Eureka/eureka/outputs/eureka/2025-12-10_19-31-43/policy-2025-12-10_19-32-25/runs/ShadowHandQwen-2025-12-10_19-32-26/summaries/events.out.tfevents.1765366357.xielabyibin
[2025-12-10 20:29:31,823][tensorboard][INFO] - No path found after /home/wangyuhang/python/Eureka/eureka/outputs/eureka/2025-12-10_19-31-43/policy-2025-12-10_19-32-25/runs/ShadowHandQwen-2025-12-10_19-32-26/summaries/events.out.tfevents.1765366357.xielabyibin
[2025-12-10 20:29:35,207][tensorboard][INFO] - No path found after /home/wangyuhang/python/Eureka/eureka/outputs/eureka/2025-12-10_19-31-43/policy-2025-12-10_19-32-26/runs/ShadowHandQwen-2025-12-10_19-32-26/summaries/events.out.tfevents.1765366356.xielabyibin
[2025-12-10 20:29:38,562][tensorboard][INFO] - Directory watcher advancing from /home/wangyuhang/python/Eureka/eureka/outputs/eureka/2025-12-10_19-31-43/policy-2025-12-10_19-32-25/runs/ShadowHandQwen-2025-12-10_19-32-26/summaries/events.out.tfevents.1765366356.xielabyibin to /home/wangyuhang/python/Eureka/eureka/outputs/eureka/2025-12-10_19-31-43/policy-2025-12-10_19-32-25/runs/ShadowHandQwen-2025-12-10_19-32-26/summaries/events.out.tfevents.1765366357.xielabyibin
[2025-12-10 20:29:38,690][tensorboard][INFO] - No path found after /home/wangyuhang/python/Eureka/eureka/outputs/eureka/2025-12-10_19-31-43/policy-2025-12-10_19-32-25/runs/ShadowHandQwen-2025-12-10_19-32-26/summaries/events.out.tfevents.1765366357.xielabyibin
[2025-12-10 20:29:42,058][tensorboard][INFO] - Directory watcher advancing from /home/wangyuhang/python/Eureka/eureka/outputs/eureka/2025-12-10_19-31-43/policy-2025-12-10_19-32-25/runs/ShadowHandQwen-2025-12-10_19-32-26/summaries/events.out.tfevents.1765366356.xielabyibin to /home/wangyuhang/python/Eureka/eureka/outputs/eureka/2025-12-10_19-31-43/policy-2025-12-10_19-32-25/runs/ShadowHandQwen-2025-12-10_19-32-26/summaries/events.out.tfevents.1765366357.xielabyibin
[2025-12-10 20:29:42,186][tensorboard][INFO] - No path found after /home/wangyuhang/python/Eureka/eureka/outputs/eureka/2025-12-10_19-31-43/policy-2025-12-10_19-32-25/runs/ShadowHandQwen-2025-12-10_19-32-26/summaries/events.out.tfevents.1765366357.xielabyibin
[2025-12-10 20:29:42,227][root][INFO] - Filter Complete: 2 pruned. 2 proceed to VLM.
[2025-12-10 20:29:42,227][root][INFO] - Recording videos for survivors...
[2025-12-10 20:29:42,228][root][INFO] - Recording rollout video for checkpoint: /home/wangyuhang/python/Eureka/eureka/outputs/eureka/2025-12-10_19-31-43/policy-2025-12-10_19-32-25/runs/ShadowHandQwen-2025-12-10_19-32-26/nn/last_ShadowHandQwen_ep_3000.pth
[2025-12-10 20:30:12,262][root][INFO] - Video successfully recorded: /home/wangyuhang/python/Eureka/eureka/outputs/eureka/2025-12-10_19-31-43/policy-2025-12-10_20-29-46/videos/ShadowHandQwen_2025-12-10_20-29-46/rl-video-step-0.mp4
[2025-12-10 20:30:12,265][root][INFO] - Recording rollout video for checkpoint: /home/wangyuhang/python/Eureka/eureka/outputs/eureka/2025-12-10_19-31-43/policy-2025-12-10_19-32-26/runs/ShadowHandQwen-2025-12-10_19-32-26/nn/last_ShadowHandQwen_ep_3000.pth
[2025-12-10 20:30:57,325][root][INFO] - Video successfully recorded: /home/wangyuhang/python/Eureka/eureka/outputs/eureka/2025-12-10_19-31-43/policy-2025-12-10_20-30-16/videos/ShadowHandQwen_2025-12-10_20-30-16/rl-video-step-0.mp4
[2025-12-10 20:30:57,327][root][INFO] - Starting VLM Evaluation (DashScope sampling at 10 FPS)...
[2025-12-10 20:31:07,979][root][INFO] - ================================================================================
[2025-12-10 20:31:07,980][root][INFO] - Generation 0: Training Results Ranking
[2025-12-10 20:31:07,980][root][INFO] - --------------------------------------------------------------------------------
[2025-12-10 20:31:07,980][root][INFO] - Rank  1: Cand  1 | Phy   0.1096 | Vis   0.0 | SkipVLM=False
[2025-12-10 20:31:07,980][root][INFO] - Rank  2: Cand  0 | Phy   0.1066 | Vis   0.0 | SkipVLM=False
[2025-12-10 20:31:07,980][root][INFO] - Rank  3: Cand  2 | Phy   0.1066 | Vis   0.0 | SkipVLM=True
[2025-12-10 20:31:07,980][root][INFO] - Rank  4: Cand  3 | Phy   0.1066 | Vis   0.0 | SkipVLM=True
[2025-12-10 20:31:07,980][root][INFO] - ================================================================================
[2025-12-10 20:31:07,980][root][INFO] - Generation 0: Population Ranking (all candidates)
[2025-12-10 20:31:07,981][root][INFO] - --------------------------------------------------------------------------------
[2025-12-10 20:31:07,981][root][INFO] - Rank  1: Cand  1 | Phy   0.1096 | Vis   0.0 | SkipVLM=False
[2025-12-10 20:31:07,981][root][INFO] - Rank  2: Cand  0 | Phy   0.1066 | Vis   0.0 | SkipVLM=False
[2025-12-10 20:31:07,981][root][INFO] - Rank  3: Cand  2 | Phy   0.1066 | Vis   0.0 | SkipVLM=True
[2025-12-10 20:31:07,981][root][INFO] - Rank  4: Cand  3 | Phy   0.1066 | Vis   0.0 | SkipVLM=True
[2025-12-10 20:31:07,981][root][INFO] - --------------------------------------------------------------------------------
[2025-12-10 20:31:33,523][httpx][INFO] - HTTP Request: POST https://dashscope.aliyuncs.com/compatible-mode/v1/chat/completions "HTTP/1.1 200 OK"
[2025-12-10 20:31:46,007][httpx][INFO] - HTTP Request: POST https://dashscope.aliyuncs.com/compatible-mode/v1/chat/completions "HTTP/1.1 200 OK"
[2025-12-10 20:31:46,009][root][INFO] - Gen 1: Training 2 candidates...
[2025-12-10 20:31:46,035][root][INFO] - Waiting for training...
[2025-12-10 21:17:54,755][tensorboard][INFO] - No path found after /home/wangyuhang/python/Eureka/eureka/outputs/eureka/2025-12-10_19-31-43/policy-2025-12-10_20-31-50/runs/ShadowHandQwen-2025-12-10_20-31-50/summaries/events.out.tfevents.1765369920.xielabyibin
[2025-12-10 21:17:54,933][tensorboard][INFO] - No path found after /home/wangyuhang/python/Eureka/eureka/outputs/eureka/2025-12-10_19-31-43/policy-2025-12-10_20-31-50/runs/ShadowHandQwen-2025-12-10_20-31-50/summaries/events.out.tfevents.1765369920.xielabyibin
[2025-12-10 21:17:54,935][root][INFO] - Filter Complete: 1 pruned. 1 proceed to VLM.
[2025-12-10 21:17:54,935][root][INFO] - Recording videos for survivors...
[2025-12-10 21:17:54,936][root][INFO] - Recording rollout video for checkpoint: /home/wangyuhang/python/Eureka/eureka/outputs/eureka/2025-12-10_19-31-43/policy-2025-12-10_20-31-50/runs/ShadowHandQwen-2025-12-10_20-31-50/nn/last_ShadowHandQwen_ep_3000.pth
[2025-12-10 21:18:44,990][root][INFO] - Video successfully recorded: /home/wangyuhang/python/Eureka/eureka/outputs/eureka/2025-12-10_19-31-43/policy-2025-12-10_21-18-03/videos/ShadowHandQwen_2025-12-10_21-18-03/rl-video-step-0.mp4
[2025-12-10 21:18:44,991][root][INFO] - Starting VLM Evaluation (DashScope sampling at 10 FPS)...
[2025-12-10 21:18:55,193][root][INFO] - ================================================================================
[2025-12-10 21:18:55,193][root][INFO] - Generation 1: Training Results Ranking
[2025-12-10 21:18:55,193][root][INFO] - --------------------------------------------------------------------------------
[2025-12-10 21:18:55,193][root][INFO] - Rank  1: Cand  0 | Phy   0.0934 | Vis   0.0 | SkipVLM=False
[2025-12-10 21:18:55,193][root][INFO] - Rank  2: Cand  1 | Phy   0.0934 | Vis   0.0 | SkipVLM=True
[2025-12-10 21:18:55,212][root][INFO] - ================================================================================
[2025-12-10 21:18:55,212][root][INFO] - Generation 1: Population Ranking (all candidates)
[2025-12-10 21:18:55,212][root][INFO] - --------------------------------------------------------------------------------
[2025-12-10 21:18:55,213][root][INFO] - Rank  1: Cand  0 | Phy   0.1096 | Vis   0.0 | SkipVLM=False
[2025-12-10 21:18:55,213][root][INFO] - Rank  2: Cand  1 | Phy   0.1066 | Vis   0.0 | SkipVLM=False
[2025-12-10 21:18:55,213][root][INFO] - Rank  3: Cand  0 | Phy   0.0934 | Vis   0.0 | SkipVLM=False
[2025-12-10 21:18:55,213][root][INFO] - Rank  4: Cand  1 | Phy   0.0934 | Vis   0.0 | SkipVLM=True
[2025-12-10 21:18:55,213][root][INFO] - --------------------------------------------------------------------------------
[2025-12-10 21:19:17,578][httpx][INFO] - HTTP Request: POST https://dashscope.aliyuncs.com/compatible-mode/v1/chat/completions "HTTP/1.1 200 OK"
[2025-12-10 21:19:31,566][httpx][INFO] - HTTP Request: POST https://dashscope.aliyuncs.com/compatible-mode/v1/chat/completions "HTTP/1.1 200 OK"
[2025-12-10 21:19:31,568][root][INFO] - Gen 2: Training 2 candidates...
[2025-12-10 21:19:31,592][root][INFO] - Waiting for training...
[2025-12-10 22:08:33,502][tensorboard][INFO] - No path found after /home/wangyuhang/python/Eureka/eureka/outputs/eureka/2025-12-10_19-31-43/policy-2025-12-10_21-19-35/runs/ShadowHandQwen-2025-12-10_21-19-35/summaries/events.out.tfevents.1765372786.xielabyibin
[2025-12-10 22:08:36,931][tensorboard][INFO] - No path found after /home/wangyuhang/python/Eureka/eureka/outputs/eureka/2025-12-10_19-31-43/policy-2025-12-10_21-19-35/runs/ShadowHandQwen-2025-12-10_21-19-36/summaries/events.out.tfevents.1765372787.xielabyibin
[2025-12-10 22:08:36,972][root][INFO] - Filter Complete: 1 pruned. 1 proceed to VLM.
[2025-12-10 22:08:36,972][root][INFO] - Recording videos for survivors...
[2025-12-10 22:08:36,973][root][INFO] - Recording rollout video for checkpoint: /home/wangyuhang/python/Eureka/eureka/outputs/eureka/2025-12-10_19-31-43/policy-2025-12-10_21-19-35/runs/ShadowHandQwen-2025-12-10_21-19-36/nn/last_ShadowHandQwen_ep_3000.pth
[2025-12-10 22:09:22,025][root][INFO] - Video successfully recorded: /home/wangyuhang/python/Eureka/eureka/outputs/eureka/2025-12-10_19-31-43/policy-2025-12-10_22-08-41/videos/ShadowHandQwen_2025-12-10_22-08-41/rl-video-step-0.mp4
[2025-12-10 22:09:22,027][root][INFO] - Starting VLM Evaluation (DashScope sampling at 10 FPS)...
[2025-12-10 22:09:38,806][root][INFO] - ================================================================================
[2025-12-10 22:09:38,806][root][INFO] - Generation 2: Training Results Ranking
[2025-12-10 22:09:38,807][root][INFO] - --------------------------------------------------------------------------------
[2025-12-10 22:09:38,807][root][INFO] - Rank  1: Cand  1 | Phy   0.1096 | Vis   0.0 | SkipVLM=False
[2025-12-10 22:09:38,807][root][INFO] - Rank  2: Cand  0 | Phy   0.1082 | Vis   0.0 | SkipVLM=True
[2025-12-10 22:09:38,808][root][INFO] - ================================================================================
[2025-12-10 22:09:38,809][root][INFO] - Generation 2: Population Ranking (all candidates)
[2025-12-10 22:09:38,809][root][INFO] - --------------------------------------------------------------------------------
[2025-12-10 22:09:38,809][root][INFO] - Rank  1: Cand  0 | Phy   0.1096 | Vis   0.0 | SkipVLM=False
[2025-12-10 22:09:38,809][root][INFO] - Rank  2: Cand  1 | Phy   0.1096 | Vis   0.0 | SkipVLM=False
[2025-12-10 22:09:38,809][root][INFO] - Rank  3: Cand  0 | Phy   0.1082 | Vis   0.0 | SkipVLM=True
[2025-12-10 22:09:38,809][root][INFO] - Rank  4: Cand  1 | Phy   0.1066 | Vis   0.0 | SkipVLM=False
[2025-12-10 22:09:38,809][root][INFO] - --------------------------------------------------------------------------------
[2025-12-10 22:10:10,308][httpx][INFO] - HTTP Request: POST https://dashscope.aliyuncs.com/compatible-mode/v1/chat/completions "HTTP/1.1 200 OK"
[2025-12-10 22:10:23,449][httpx][INFO] - HTTP Request: POST https://dashscope.aliyuncs.com/compatible-mode/v1/chat/completions "HTTP/1.1 200 OK"
[2025-12-10 22:10:23,451][root][INFO] - Gen 3: Training 2 candidates...
[2025-12-10 22:10:23,480][root][INFO] - Waiting for training...
